[0m11:27:45.077698 [debug] [MainThread]: Sending event: {'category': 'dbt', 'action': 'invocation', 'label': 'start', 'context': [<snowplow_tracker.self_describing_json.SelfDescribingJson object at 0x1068b7350>, <snowplow_tracker.self_describing_json.SelfDescribingJson object at 0x10978a810>, <snowplow_tracker.self_describing_json.SelfDescribingJson object at 0x10978bbd0>]}


============================== 11:27:45.081518 | 37167b24-f756-43a6-b25d-7f883bad6f32 ==============================
[0m11:27:45.081518 [info ] [MainThread]: Running with dbt=1.11.11
[0m11:27:45.081981 [debug] [MainThread]: running dbt with arguments {'empty': 'None', 'debug': 'False', 'cache_selected_only': 'False', 'warn_error': 'None', 'write_json': 'True', 'target_path': 'None', 'use_experimental_parser': 'False', 'log_cache_events': 'False', 'invocation_command': 'dbt init olist_dbt', 'no_print': 'None', 'introspect': 'True', 'log_format': 'default', 'warn_error_options': 'WarnErrorOptionsV2(error=[], warn=[], silence=[])', 'printer_width': '80', 'partial_parse': 'True', 'send_anonymous_usage_stats': 'True', 'static_parser': 'True', 'profiles_dir': '/Users/gilbertrodriguezahumada/.dbt', 'version_check': 'True', 'log_path': 'logs', 'fail_fast': 'False', 'quiet': 'False', 'indirect_selection': 'eager', 'use_colors': 'True'}
[0m11:27:45.093879 [info ] [MainThread]: Creating dbt configuration folder at /Users/gilbertrodriguezahumada/.dbt
[0m11:27:45.095417 [debug] [MainThread]: Starter project path: /Users/gilbertrodriguezahumada/.pyenv/versions/3.11.9/lib/python3.11/site-packages/dbt/include/starter_project
[0m11:27:45.100766 [info ] [MainThread]: 
Your new dbt project "olist_dbt" was created!

For more information on how to configure the profiles.yml file,
please consult the dbt documentation here:

  https://docs.getdbt.com/docs/configure-your-profile

One more thing:

Need help? Don't hesitate to reach out to us via GitHub issues or on Slack:

  https://community.getdbt.com/

Happy modeling!

[0m11:27:45.101064 [info ] [MainThread]: Setting up your profile.
[0m11:28:23.080219 [info ] [MainThread]: Profile olist_dbt written to /Users/gilbertrodriguezahumada/.dbt/profiles.yml using target's sample configuration. Once updated, you'll be able to start developing with dbt.
[0m11:28:23.087671 [debug] [MainThread]: Resource report: {"command_name": "init", "command_success": true, "command_wall_clock_time": 38.083508, "process_in_blocks": "0", "process_kernel_time": 0.292625, "process_mem_max_rss": "136609792", "process_out_blocks": "0", "process_user_time": 1.220367}
[0m11:28:23.088109 [debug] [MainThread]: Command `dbt init` succeeded at 11:28:23.088024 after 38.08 seconds
[0m11:28:23.088446 [debug] [MainThread]: Sending event: {'category': 'dbt', 'action': 'invocation', 'label': 'end', 'context': [<snowplow_tracker.self_describing_json.SelfDescribingJson object at 0x1002bfed0>, <snowplow_tracker.self_describing_json.SelfDescribingJson object at 0x10978fd90>, <snowplow_tracker.self_describing_json.SelfDescribingJson object at 0x10978f990>]}
[0m11:28:23.088770 [debug] [MainThread]: Flushing usage events
[0m11:28:24.270420 [debug] [MainThread]: An error was encountered while trying to flush usage events
